## Starting application at 0x40200100 ...
KDB: debugger backends: ddb
KDB: current backend: ddb
Copyright (c) 1992-2012 The FreeBSD Project.
Copyright (c) 1979, 1980, 1983, 1986, 1988, 1989, 1991, 1992, 1993, 1994
        The Regents of the University of California. All rights reserved.
FreeBSD is a registered trademark of The FreeBSD Foundation.
FreeBSD 10.0-CURRENT #236 r244673M: Wed Dec 26 15:23:20 ULAT 2012
    tsgan@bsd.mobicom.mn:/usr/obj/arm.armv6/usr/src/sys/CUBIEBOARD arm
WARNING: WITNESS option enabled, expect reduced performance.
CPU: Cortex A8-r3 rev 2 (Cortex-A core)
 Supported features: ARM_ISA THUMB2 JAZELLE THUMBEE ARMv4 Security_Ext
 WB disabled EABT branch prediction enabled
LoUU:2 LoC:2 LoUIS:1
Cache level 1:
 32KB/64B 4-way data cache WT WB Read-Alloc
 32KB/64B 4-way instruction cache Read-Alloc
Cache level 2:
 256KB/64B 8-way unified cache WT WB Read-Alloc Write-Alloc
real memory  = 536870912 (512 MB)
avail memory = 517349376 (493 MB)
random device not loaded; using insecure entropy
simplebus0: <Flattened device tree simple bus> on fdtbus0
aintc0: <A10 AINTC Interrupt Controller> mem 0xe1c20400-0xe1c207ff on simplebus0
a10_timer0: <Allwinner A10 timer> mem 0xe1c20c00-0xe1c20c8f irq 22 on simplebus0
Event timer "a10_timer Eventtimer" frequency 3567105 Hz quality 1000
Timecounter "a10_timer timer0" frequency 3567105 Hz quality 1000
clock: hz=100 stathz = 0
a10_timer0: timer clock frequency 3567105
ehci0: <Allwinner integrated USB controller> mem 0xe1c13000-0xe1c14fff irq 38,39 on simplebus0
ehci0: [GIANT-LOCKED]
usbus0: EHCI version 0.0
usbus0 on ehci0
Timecounters tick every 10.000 msec
usbus0: 480Mbps High Speed USB v2.0
ugen0.1: <Allwinner> at usbus0
uhub0: <Allwinner EHCI root HUB, class 9/0, rev 2.00/1.00, addr 1> on usbus0
uhub_attach: getting USB 2.0 HUB descriptor failed,error=USB_ERR_SHORT_XFER
device_attach: uhub0 attach returned 6
usbus0: Root HUB problem, error=USB_ERR_NO_ROOT_HUB
WARNING: WITNESS option enabled, expect reduced performance.

Loader variables:

Manual root filesystem specification:
  <fstype>:<device> [options]
      Mount <device> using filesystem <fstype>
      and with the specified (optional) option list.

    eg. ufs:/dev/da0s1a
        zfs:tank
        cd9660:/dev/acd0 ro
          (which is equivalent to: mount -t cd9660 -o ro /dev/acd0 /)

  ?               List valid disk boot devices
  .               Yield 1 second (for background tasks)
  <empty line>    Abort manual input

mountroot>

