sun4i#gpio set ph03
gpio: pin ph03 (gpio 227) value is 1
sun4i#fatload mmc 0 0x40200000 kernel;
reading kernel
4598153 bytes read in 261 ms (16.8 MiB/s)
sun4i#go 0x40200100
## Starting application at 0x40200100 ...
KDB: debugger backends: ddb
KDB: current backend: ddb
Copyright (c) 1992-2013 The FreeBSD Project.
Copyright (c) 1979, 1980, 1983, 1986, 1988, 1989, 1991, 1992, 1993, 1994
        The Regents of the University of California. All rights reserved.
FreeBSD is a registered trademark of The FreeBSD Foundation.
FreeBSD 10.0-CURRENT #345 r245210M: Wed Jan  9 12:23:11 ULAT 2013
    tsgan@bsd.mobicom.mn:/usr/obj/arm.armv6/usr/src/sys/CUBIEBOARD arm
WARNING: WITNESS option enabled, expect reduced performance.
CPU: Cortex A8-r3 rev 2 (Cortex-A core)
 Supported features: ARM_ISA THUMB2 JAZELLE THUMBEE ARMv4 Security_Ext
 WB disabled EABT branch prediction enabled
LoUU:2 LoC:2 LoUIS:1
Cache level 1:
 32KB/64B 4-way data cache WT WB Read-Alloc
 32KB/64B 4-way instruction cache Read-Alloc
Cache level 2:
 256KB/64B 8-way unified cache WT WB Read-Alloc Write-Alloc
real memory  = 536870912 (512 MB)
avail memory = 517349376 (493 MB)
random device not loaded; using insecure entropy
simplebus0: <Flattened device tree simple bus> on fdtbus0
aintc0: <A10 AINTC Interrupt Controller> mem 0xe1c20400-0xe1c207ff on simplebus0
a10_timer0: <Allwinner A10 timer> mem 0xe1c20c00-0xe1c20c8f irq 22 on simplebus0
Event timer "a10_timer Eventtimer" frequency 3567105 Hz quality 1000
Timecounter "a10_timer timer0" frequency 3567105 Hz quality 1000
clock: hz=100 stathz = 0
a10_timer0: timer clock frequency 3567105
ehci0: <Allwinner Integrated USB 2.0 controller> mem 0xe1c1c000-0xe1c1cfff irq 40 on simplebus0
usbus0: EHCI version 1.0
usbus0 on ehci0
Timecounters tick every 10.000 msec
usbus0: 480Mbps High Speed USB v2.0
run_interrupt_driven_hooks: still waiting after 60 seconds for xpt_create_path_unlocked
WARNING: WITNESS option enabled, expect reduced performance.
Root mount waiting for: usbus0
ugen0.1: <Allwinner> at usbus0
uhub0: <Allwinner EHCI root HUB, class 9/0, rev 2.00/1.00, addr 1> on usbus0
Root mount waiting for: usbus0
Root mount waiting for: usbus0
uhub0: 1 port with 1 removable, self powered
Root mount waiting for: usbus0
Root mount waiting for: usbus0
Root mount waiting for: usbus0
Root mount waiting for: usbus0
Root mount waiting for: usbus0
Root mount waiting for: usbus0
Root mount waiting for: usbus0
Root mount waiting for: usbus0
Root mount waiting for: usbus0
Root mount waiting for: usbus0
Root mount waiting for: usbus0
Root mount waiting for: usbus0
Root mount waiting for: usbus0
Root mount waiting for: usbus0
Root mount waiting for: usbus0
Root mount waiting for: usbus0
Root mount waiting for: usbus0
ugen0.2: <BUFFALO> at usbus0
umass0: <BUFFALO USB Flash Disk, class 0/0, rev 2.00/40.00, addr 2> on usbus0
umass0:  SCSI over Bulk-Only; quirks = 0x0000
umass0:0:0:-1: Attached to scbus0
da0 at umass-sim0 bus 0 scbus0 target 0 lun 0
da0: <BUFFALO USB Flash Disk 4000> Removable Direct Access SCSI-0 device
da0: 40.000MB/s transfers
da0: 3824MB (7831552 512 byte sectors: 255H 63S/T 487C)
Trying to mount root from ufs:/dev/da0s2 []...
mountroot: waiting for device /dev/da0s2 ...
warning: no time-of-day clock registered, system time will not be set accurately

