KDB: debugger backends: ddb
KDB: current backend: ddb
mp_ncpus: 2, mp_maxid: 1
Copyright (c) 1992-2014 The FreeBSD Project.
Copyright (c) 1979, 1980, 1983, 1986, 1988, 1989, 1991, 1992, 1993, 1994
        The Regents of the University of California. All rights reserved.
FreeBSD is a registered trademark of The FreeBSD Foundation.
FreeBSD 11.0-CURRENT #254 r262966M: Mon Mar 10 11:06:12 ULAT 2014
    tsgan@bsd:/usr/obj/arm.armv6/usr/src/sys/CUBIEBOARD2 arm
FreeBSD clang version 3.4 (tags/RELEASE_34/final 197956) 20140216
WARNING: WITNESS option enabled, expect reduced performance.
CPU: Cortex A7 rev 4 (Cortex-A core)
 Supported features: ARM_ISA THUMB2 JAZELLE THUMBEE ARMv4 Security_Ext
 WB disabled EABT branch prediction enabled
LoUU:2 LoC:2 LoUIS:2
Cache level 1:
 32KB/64B 4-way data cache WB Read-Alloc Write-Alloc
 32KB/32B 2-way instruction cache Read-Alloc
Cache level 2:
 256KB/64B 8-way unified cache WB Read-Alloc Write-Alloc
real memory  = 1073741824 (1024 MB)
avail memory = 1040277504 (992 MB)
CPU0 control reg: 0x0
CPU1 control reg: 0x0
CPU0 status: 0x0
CPU1 status: 0x0
WARNING: Some AP's failed to start
FreeBSD/SMP: Multiprocessor System Detected: 2 CPUs
random device not loaded; using insecure entropy
random: <Software, Yarrow> initialized
ofwbus0: <Open Firmware Device Tree>
simplebus0: <Flattened device tree simple bus> on ofwbus0
gic0: <ARM Generic Interrupt Controller> mem 0x1c81000-0x1c81fff,0x1c82000-0x1c820ff on simplebus0
gic0: pn 0x10, arch 0x2, rev 0x1, implementer 0x43b sc->nirqs 160
a10_sramc0: <Allwinner sramc module> mem 0x1c00000-0x1c00fff on simplebus0
a20_cpu_cfg0: <A20 CPU Configuration Module> mem 0x1c25c00-0x1c25fff on simplebus0
a10_ccm0: <Allwinner Clock Control Module> mem 0x1c20000-0x1c203ff on simplebus0
a10_timer0: <Allwinner A10/A20 timer> mem 0x1c20c00-0x1c20c8f irq 54 on simplebus0
Event timer "a10_timer Eventtimer" frequency 24000000 Hz quality 1000
Timecounter "a10_timer timer0" frequency 24000000 Hz quality 1000
a10wd0: <Allwinner A10 Watchdog> mem 0x1c20c90-0x1c20c9f on simplebus0
gpio0: <Allwinner GPIO controller> mem 0x1c20800-0x1c20bff irq 60 on simplebus0
gpioc0: <GPIO controller> on gpio0
gpiobus0: <GPIO bus> on gpio0
ehci0: <Allwinner Integrated USB 2.0 controller> mem 0x1c14000-0x1c14fff irq 71 on simplebus0
usbus0: EHCI version 1.0
usbus0 on ehci0
ehci1: <Allwinner Integrated USB 2.0 controller> mem 0x1c1c000-0x1c1cfff irq 72 on simplebus0
usbus1: EHCI version 1.0
usbus1 on ehci1
uart0: <16750 or compatible> mem 0x1c28000-0x1c283ff irq 33 on simplebus0
uart0: console (115200,n,8,1)
emac0: <A10/A20 EMAC ethernet controller> mem 0x1c0b000-0x1c0bfff irq 87 on simplebus0
miibus0: <MII bus> on emac0
rlphy0: <RTL8201L 10/100 media interface> PHY 1 on miibus0
rlphy0:  10baseT, 10baseT-FDX, 100baseTX, 100baseTX-FDX, auto
emac0: Ethernet address: 4e:34:84:d3:d3:a9
Timecounters tick every 10.000 msec
usbus0: 480Mbps High Speed USB v2.0
usbus1: 480Mbps High Speed USB v2.0
ugen1.1: <Allwinner> at usbus1
uhub0: <Allwinner EHCI root HUB, class 9/0, rev 2.00/1.00, addr 1> on usbus1
ugen0.1: <Allwinner> at usbus0
uhub1: <Allwinner EHCI root HUB, class 9/0, rev 2.00/1.00, addr 1> on usbus0
random: unblocking device.
Release APs
AP's not started
WARNING: WITNESS option enabled, expect reduced performance.
Root mount waiting for: usbus1 usbus0
uhub0: 1 port with 1 removable, self powered
uhub1: 1 port with 1 removable, self powered
Root mount waiting for: usbus1
Root mount waiting for: usbus1
Root mount waiting for: usbus1
Root mount waiting for: usbus1
Root mount waiting for: usbus1
Root mount waiting for: usbus1
Root mount waiting for: usbus1
ugen1.2: <JetFlash> at usbus1
umass0: <JetFlash Mass Storage Device, class 0/0, rev 2.00/1.00, addr 2> on usbus1
umass0:  SCSI over Bulk-Only; quirks = 0x4100
umass0:0:0: Attached to scbus0
Trying to mount root frda0 at umass-sim0 bus 0 scbus0 target 0 lun 0
da0: <JetFlash Transcend 8GB 8.07> Removable Direct Access SCSI-4 device
da0: Serial Number MFXDWY63
da0: 40.000MB/s transfers
da0: 7656MB (15679488 512 byte sectors: 255H 63S/T 976C)
da0: quirks=0x12<NO_6_BYTE,NO_RC16>
om ufs:/dev/da0s2 []...
mountroot: waiting for device /dev/da0s2 ...
warning: no time-of-day clock registered, system time will not be set accurately
Setting hostuuid: d08b675e-576a-11e3-957a-00e04c534458.
Setting hostid: 0xbe65a58d.
No suitable dump device was found.
Entropy harvesting: interrupts ethernet point_to_pointsha256: /kernel: No such file or directory
 kickstart.
fstab: /etc/fstab:1: Inappropriate file type or format
fstab: /etc/fstab:2: Inappropriate file type or format
Starting file system checks:
fstab: /etc/fstab:1: Inappropriate file type or format
fstab: /etc/fstab:2: Inappropriate file type or format
fstab: /etc/fstab:1: Inappropriate file type or format
fstab: /etc/fstab:2: Inappropriate file type or format
Mounting local file systems:fstab: /etc/fstab:1: Inappropriate file type or format
fstab: /etc/fstab:2: Inappropriate file type or format
.
/etc/rc: WARNING: $makeswapfile_enable is not set properly - see rc.conf(5).
Writing entropy file:.
Setting hostname: arm.
Starting Network: lo0 emac0.
lo0: flags=8049<UP,LOOPBACK,RUNNING,MULTICAST> metric 0 mtu 16384
        options=600003<RXCSUM,TXCSUM,RXCSUM_IPV6,TXCSUM_IPV6>
        inet6 ::1 prefixlen 128
        inet6 fe80::1%lo0 prefixlen 64 scopeid 0x2
        inet 127.0.0.1 netmask 0xff000000
        nd6 options=21<PERFORMNUD,AUTO_LINKLOCAL>
emac0: flags=8802<BROADCAST,SIMPLEX,MULTICAST> metric 0 mtu 1500
        options=80008<VLAN_MTU,LINKSTATE>
        ether 4e:34:84:d3:d3:a9
emac0: link state changed to UP
        media: Ethernet autoselect (100baseTX <full-duplex>)
        status: active
        nd6 options=29<PERFORMNUD,IFDISABLED,AUTO_LINKLOCAL>
Starting devd.
Starting Network: emac0.
emac0: flags=8802<BROADCAST,SIMPLEX,MULTICAST> metric 0 mtu 1500
        options=80008<VLAN_MTU,LINKSTATE>
        ether 4e:34:84:d3:d3:a9
        media: Ethernet autoselect (100baseTX <full-duplex>)
        status: active
        nd6 options=29<PERFORMNUD,IFDISABLED,AUTO_LINKLOCAL>
route: writing to routing socket: Network is unreachable
add net default: gateway 172.30.38.1 fib 0: Network is unreachable
add net fe80::: gateway ::1
add net ff02::: gateway ::1
add net ::ffff:0.0.0.0: gateway ::1
add net ::0.0.0.0: gateway ::1
fstab: /etc/fstab:1: Inappropriate file type or format
fstab: /etc/fstab:2: Inappropriate file type or format
fstab: /etc/fstab:1: Inappropriate file type or format
fstab: /etc/fstab:2: Inappropriate file type or format
fstab: /etc/fstab:1: Inappropriate file type or format
fstab: /etc/fstab:2: Inappropriate file type or format
Creating and/or trimming log files.
Starting syslogd.
ELF ldconfig path: /lib /usr/lib /usr/lib/compat /usr/local/lib
Clearing /tmp (X related).
Updating motd:.
Mounting late file systems:fstab: /etc/fstab:1: Inappropriate file type or format
fstab: /etc/fstab:2: Inappropriate file type or format
.
fstab: /etc/fstab:1: Inappropriate file type or format
fstab: /etc/fstab:2: Inappropriate file type or format
Performing sanity check on sshd configuration.
Starting sshd.
Starting cron.
Starting background file system checks in 60 seconds.

Mon Feb 10 20:12:36 UTC 2014

